
> build
> vite build

[36mvite v8.1.4 [32mbuilding client environment for production...[36m[39m
[2K
transforming...Ô£ô 146 modules transformed.
rendering chunks...
computing gzip size...
public/build/manifest.json                        6.08 kB Ôöé gzip:  0.95 kB
public/build/assets/LoginPage-CLTPq7H6.css        0.12 kB Ôöé gzip:  0.11 kB
public/build/assets/ArchiveList-DpHwNrs9.css      0.12 kB Ôöé gzip:  0.11 kB
public/build/assets/DocumentList-333C9EdG.css     0.88 kB Ôöé gzip:  0.41 kB
public/build/assets/AccessDenied-Co_H_Gbu.css     1.01 kB Ôöé gzip:  0.45 kB
public/build/assets/DocumentForm-CnUQlZgp.css     1.11 kB Ôöé gzip:  0.49 kB
public/build/assets/MyTasks-BD6xtl6n.css          1.45 kB Ôöé gzip:  0.51 kB
public/build/assets/MailMergeList-BiZQ7xjv.css    2.64 kB Ôöé gzip:  0.85 kB
public/build/assets/SignatureList-DLS9f8wI.css    3.20 kB Ôöé gzip:  0.98 kB
public/build/assets/DocumentShow-B55vtbOG.css     6.42 kB Ôöé gzip:  1.71 kB
public/build/assets/DashboardPage-CEQhFjMj.css    7.12 kB Ôöé gzip:  1.74 kB
public/build/assets/AdminLayout-C-WQlprG.css      9.06 kB Ôöé gzip:  1.94 kB
public/build/assets/app-U8WJveL5.css             16.38 kB Ôöé gzip:  3.72 kB
public/build/assets/AccessDenied-DHwpJXdU.js      1.97 kB Ôöé gzip:  1.05 kB
public/build/assets/UserForm-CSphxyPA.js          3.54 kB Ôöé gzip:  1.38 kB
public/build/assets/UserList-KgmxPKsF.js          4.66 kB Ôöé gzip:  1.98 kB
public/build/assets/DepartmentTree-Cl3Sjinr.js    4.99 kB Ôöé gzip:  2.01 kB
public/build/assets/MyTasks-CdQfq9DO.js           6.16 kB Ôöé gzip:  2.35 kB
public/build/assets/AuditLog-BvOFVDmv.js          6.34 kB Ôöé gzip:  2.63 kB
public/build/assets/DocumentForm-BxQh6-wD.js      8.34 kB Ôöé gzip:  3.14 kB
public/build/assets/LoginPage-DboUESLM.js         8.62 kB Ôöé gzip:  2.70 kB
public/build/assets/DocumentList-BEZYKHWl.js      9.63 kB Ôöé gzip:  3.71 kB
public/build/assets/SignatureList-BSlKFOaV.js    11.78 kB Ôöé gzip:  4.35 kB
public/build/assets/ArchiveList-C7l2n_IR.js      11.85 kB Ôöé gzip:  4.01 kB
public/build/assets/AdminLayout-DZjdjoc5.js      11.93 kB Ôöé gzip:  3.56 kB
public/build/assets/DashboardPage-BjLUwtXV.js    12.70 kB Ôöé gzip:  3.22 kB
public/build/assets/WorkflowList-DOjQnN-K.js     13.47 kB Ôöé gzip:  4.56 kB
public/build/assets/MailMergeList-of5TfV2H.js    19.13 kB Ôöé gzip:  6.56 kB
public/build/assets/DocumentShow-fz4-0xBH.js     19.58 kB Ôöé gzip:  6.59 kB
public/build/assets/app-6CIvdLER.js             154.15 kB Ôöé gzip: 58.32 kB

[PLUGIN_TIMINGS] Your build spent significant time in plugins. Here is a breakdown:
  - laravel (49%)
  - vite:vue (31%)
  - vite:css-post (14%)
See https://rolldown.rs/reference/InputOptions.checks#plugintimings for more details.

[32mÔ£ô built in 9.87s[39m
